// Jest Snapshot v1, https://goo.gl/fbAQLP

exports[`Chat is rendering expected elements 1`] = `
<div>
  <div
    class="sc-gsDKAQ eoVILw"
  >
    <h3
      class="sc-dkPtRN bEkuiS"
    >
      Chat with other travellers
    </h3>
    <ul
      class="sc-hKwDye ijPRFt"
    >
      <li
        class="sc-iCfMLu jtbSft"
      >
        hello
      </li>
      <li
        class="sc-iCfMLu jtbSft"
      >
        Qui sunt duis adipisicing veniam eiusmod adipisicing dolore duis veniam enim cillum tempor tempor. Eu aliqua irure sint fugiat anim esse aute cupidatat id. Aute pariatur laboris qui reprehenderit consequat dolore in nisi aute incididunt cillum deserunt consectetur nostrud. Tempor quis aliqua laboris culpa magna occaecat Lorem deserunt deserunt. Aute dolore cillum veniam velit amet ipsum qui eiusmod cupidatat non consequat aliqua mollit.
      </li>
      <li
        class="sc-iCfMLu egetii"
      >
        hi there
      </li>
    </ul>
    <div
      class="sc-eCImPb fSeyYp"
    >
      <input
        class="sc-jRQBWg jDqGAV"
        placeholder="Please enter your message here..."
        value=""
      />
      <button
        class="sc-gKclnd clUQBp"
        disabled=""
        type="button"
      >
        <svg>
          send_icon.svg
        </svg>
      </button>
    </div>
  </div>
</div>
`;
